Welcome to D&D Dice Roller!
                                                                                          
                                                                                          
                                                                                          
                                                                                          
                                                                                          
                                                                                          
                                                                                          
                                                                                          
                                                                                          
                                                                                          
                                                                                          
                                                                                          
                                                                                          
                                                                                          
                                           ▀▀▀▀                                           
                                        ▀▀▀▀▀▀▀▀▀                                         
                                        ▀▀▀▀  ▀▀▀▀                                        
                                        ▀▀▀▀▀▀▀▀▀▀                                        
                                ▀▀▀      ▀▀▀▀▀▀▀▀▀    ▀▀▀▀▀                               
                             ▀▀▀▀▀▀▀▀▀   ▀▀▀▀▀▀▀    ▀▀▀▀▀▀▀▀▀                             
                            ▀▀  ▀▀▀▀ ▀▀      ▀▀      ▀▀▀▀▀▀▀▀                             
                            ▀▀▀▀ ▀▀▀▀▀      ▀▀▀▀   ▀ ▀▀▀▀▀▀▀▀                             
                            ▀▀▀▀▀▀▀ ▀▀▀▀  ▀▀▀▀ ▀▀  ▀▀▀▀▀▀▀▀                               
                              ▀▀▀▀▀▀▀▀▀  ▀▀▀ ▀▀▀▀▀                                        
                               ▀▀ ▀▀     ▀▀▀▀▀▀▀▀▀▀     ▀▀▀                               
                            ▀▀▀▀▀▀▀▀▀                ▀▀▀▀▀ ▀▀▀                            
                          ▀ ▀▀▀▀  ▀▀▀▀      ▀▀    ▀ ▀▀▀▀▀▀▀▀▀▀                            
                               ▀▀▀▀▀▀ ▀ ▀▀▀▀▀▀▀▀▀  ▀▀▀ ▀▀▀▀▀▀▀                            
                          ▀  ▀▀▀▀▀▀▀▀▀▀▀ ▀▀▀▀▀▀▀▀▀▀▀▀▀▀▀▀▀▀▀▀▀                            
                            ▀▀▀▀▀▀▀▀    ▀▀▀▀▀▀ ▀▀▀ ▀▀▀▀▀▀ ▀▀▀                             
                                      ▀ ▀ ▀▀▀▀▀▀▀▀▀  ▀▀▀                                  
                                   ▀   ▀▀▀▀▀▀▀▀▀▀▀  ▀                                     
                                       ▀▀▀▀▀▀▀▀▀  ▀                                       
                                     ▀▀▀  ▀ ▀ ▀▀▀                                         
                                                                                          
                                                                                          
                                                                                          
                                                                                          
                                                                                          
                                                                                          
                                                                                          
                                                                                          
                                                                                          
                                                                                          
                                                                                          
                                                                                          
                                                                                          
                                                                                          
                                                                                          
Please enter Machine weapon set.
Name of weapon:
Hit chance for Khopesh:
Damage modifier for Khopesh:
Dice size for Khopesh:
Khopesh has been added to Machine weapon set.
Name of weapon:
Hit chance for Sickle:
Damage modifier for Sickle:
Dice size for Sickle:
Sickle has been added to Machine weapon set.
Name of weapon:
Hit chance for Handaxe:
Damage modifier for Handaxe:
Dice size for Handaxe:
Handaxe has been added to Machine weapon set.
Please enter Human weapon set.
Name of weapon:
Hit chance for Longsword:
Dice size for Longsword:
Longsword has been added to Human weapon set.
Name of weapon:
Hit chance for Mace:
Dice size for Mace:
Mace has been added to Human weapon set.
Name of weapon:
Hit chance for Rapier:
Dice size for Rapier:
Rapier has been added to Human weapon set.
Enter starting health for the players.
Please enter name of Player One (Machine if machine).
Please enter name of Player Two (Machine if machine).
How many rounds would you like to play?

ROUND 1 of 3:
Pick a weapon: Longsword(0), Mace(1), Rapier(2)
Lochenihs weapon is the Longsword.
Machines weapon is the Khopesh.
                                                                                          
                                                                                          
                                                                                          
                                                                                          
                                                                                          
                                                                                          
                                                                                          
                                                                                          
                                                                                          
                                                                                          
                                                                                          
                                                                                          
                                                                                          
                                                                                          
                                                                                          
                                                                                          
                                                                                          
                                                                                          
                                          ▀▀     ▀▀▀ ▀▀▀▀▀▀▀▀▀▀▀▀▀▀                       
                        ▀▀▀▀▀▀▀▀▀▀▀▀▀▀▀▀▀▀▀▀▀  ▀▀▀▀▀▀▀▀▀▀▀▀▀▀▀▀▀▀▀▀                       
                      ▀▀▀▀▀▀▀▀▀▀▀▀▀▀▀▀ ▀▀▀▀▀▀▀▀▀▀▀ ▀▀ ▀▀  ▀▀▀▀▀                           
                      ▀▀  ▀▀▀▀▀   ▀▀▀▀▀▀▀▀▀▀ ▀▀▀ ▀▀▀▀▀▀▀ ▀                                
                       ▀▀▀▀▀ ▀  ▀▀▀▀▀▀▀ ▀ ▀▀▀▀▀▀▀▀▀ ▀▀ ▀▀  ▀                              
                        ▀▀▀▀▀  ▀▀▀▀▀▀▀▀▀▀ ▀▀▀▀▀▀▀ ▀▀ ▀ ▀▀▀                                
                            ▀ ▀▀▀▀ ▀▀  ▀  ▀▀▀▀▀▀ ▀▀▀▀ ▀▀▀ ▀▀                              
                          ▀   ▀ ▀▀  ▀▀▀▀▀▀▀▀▀ ▀▀▀  ▀▀▀▀▀▀▀                                
                          ▀▀  ▀▀▀▀▀▀  ▀ ▀▀▀▀▀▀▀ ▀                                         
                         ▀▀ ▀▀▀  ▀▀ ▀ ▀▀▀▀▀▀ ▀▀                                           
                        ▀▀▀▀▀▀▀▀                                                          
                                                                                          
                                                                                          
                                                                                          
                                                                                          
                                                                                          
                                                                                          
                                                                                          
                                                                                          
                                                                                          
                                                                                          
                                                                                          
                                                                                          
                                                                                          
                                                                                          
                                                                                          
                                                                                          
                                                                                          
                                                                                          
                                                                                          
                                                                                          
Lochenih swung and hit for 32 points of damage.
 Machines health is now 68.
Machine has missed.
Lochenih swung and hit for 32 points of damage.
 Machines health is now 36.
Machine has missed.
Lochenih swung and hit for 6 points of damage.
 Machines health is now 30.
Machine has missed.
Lochenih swung and hit for 26 points of damage.
 Machines health is now 4.
Machine has missed.
Lochenih swung and hit for 12 points of damage.
 Machine has died.

ROUND 2 of 3:
Pick a weapon: Longsword(0), Mace(1), Rapier(2)
Lochenihs weapon is the Mace.
Machines weapon is the Khopesh.
                                                                                          
                                                                                          
                                                                                          
                                                                                          
                                                                                          
                                                                                          
                                                                                          
                                                                                          
                                                                                          
                                                                                          
                                                                                          
                                                                                          
                                                                                          
                                                                                          
                                                                                          
                                                                                          
                                                                                          
                                                                                          
                                          ▀▀     ▀▀▀ ▀▀▀▀▀▀▀▀▀▀▀▀▀▀                       
                        ▀▀▀▀▀▀▀▀▀▀▀▀▀▀▀▀▀▀▀▀▀  ▀▀▀▀▀▀▀▀▀▀▀▀▀▀▀▀▀▀▀▀                       
                      ▀▀▀▀▀▀▀▀▀▀▀▀▀▀▀▀ ▀▀▀▀▀▀▀▀▀▀▀ ▀▀ ▀▀  ▀▀▀▀▀                           
                      ▀▀  ▀▀▀▀▀   ▀▀▀▀▀▀▀▀▀▀ ▀▀▀ ▀▀▀▀▀▀▀ ▀                                
                       ▀▀▀▀▀ ▀  ▀▀▀▀▀▀▀ ▀ ▀▀▀▀▀▀▀▀▀ ▀▀ ▀▀  ▀                              
                        ▀▀▀▀▀  ▀▀▀▀▀▀▀▀▀▀ ▀▀▀▀▀▀▀ ▀▀ ▀ ▀▀▀                                
                            ▀ ▀▀▀▀ ▀▀  ▀  ▀▀▀▀▀▀ ▀▀▀▀ ▀▀▀ ▀▀                              
                          ▀   ▀ ▀▀  ▀▀▀▀▀▀▀▀▀ ▀▀▀  ▀▀▀▀▀▀▀                                
                          ▀▀  ▀▀▀▀▀▀  ▀ ▀▀▀▀▀▀▀ ▀                                         
                         ▀▀ ▀▀▀  ▀▀ ▀ ▀▀▀▀▀▀ ▀▀                                           
                        ▀▀▀▀▀▀▀▀                                                          
                                                                                          
                                                                                          
                                                                                          
                                                                                          
                                                                                          
                                                                                          
                                                                                          
                                                                                          
                                                                                          
                                                                                          
                                                                                          
                                                                                          
                                                                                          
                                                                                          
                                                                                          
                                                                                          
                                                                                          
                                                                                          
                                                                                          
                                                                                          
Lochenih swung and hit for 21 points of damage.
 Machines health is now 79.
Machine has missed.
Lochenih has missed.
Machine has missed.
Lochenih swung and hit for 9 points of damage.
 Machines health is now 70.
Machine has missed.
Lochenih swung and hit for 9 points of damage.
 Machines health is now 61.
Machine has missed.
Lochenih swung and hit for 45 points of damage.
 Machines health is now 16.
Machine has missed.
Lochenih swung and hit for 36 points of damage.
 Machine has died.

ROUND 3 of 3:
Pick a weapon: Longsword(0), Mace(1), Rapier(2)
Lochenihs weapon is the Rapier.
Machines weapon is the Sickle.
                                                                                          
                                                                                          
                                                                                          
                                                                                          
                                                                                          
                                                                                          
                                                                                          
                                                                                          
                                                                                          
                                                                                          
                                                                                          
                                                                                          
                                                                                          
                                                                                          
                                                                                          
                                                                                          
                                                                                          
                                                                                          
                                          ▀▀     ▀▀▀ ▀▀▀▀▀▀▀▀▀▀▀▀▀▀                       
                        ▀▀▀▀▀▀▀▀▀▀▀▀▀▀▀▀▀▀▀▀▀  ▀▀▀▀▀▀▀▀▀▀▀▀▀▀▀▀▀▀▀▀                       
                      ▀▀▀▀▀▀▀▀▀▀▀▀▀▀▀▀ ▀▀▀▀▀▀▀▀▀▀▀ ▀▀ ▀▀  ▀▀▀▀▀                           
                      ▀▀  ▀▀▀▀▀   ▀▀▀▀▀▀▀▀▀▀ ▀▀▀ ▀▀▀▀▀▀▀ ▀                                
                       ▀▀▀▀▀ ▀  ▀▀▀▀▀▀▀ ▀ ▀▀▀▀▀▀▀▀▀ ▀▀ ▀▀  ▀                              
                        ▀▀▀▀▀  ▀▀▀▀▀▀▀▀▀▀ ▀▀▀▀▀▀▀ ▀▀ ▀ ▀▀▀                                
                            ▀ ▀▀▀▀ ▀▀  ▀  ▀▀▀▀▀▀ ▀▀▀▀ ▀▀▀ ▀▀                              
                          ▀   ▀ ▀▀  ▀▀▀▀▀▀▀▀▀ ▀▀▀  ▀▀▀▀▀▀▀                                
                          ▀▀  ▀▀▀▀▀▀  ▀ ▀▀▀▀▀▀▀ ▀                                         
                         ▀▀ ▀▀▀  ▀▀ ▀ ▀▀▀▀▀▀ ▀▀                                           
                        ▀▀▀▀▀▀▀▀                                                          
                                                                                          
                                                                                          
                                                                                          
                                                                                          
                                                                                          
                                                                                          
                                                                                          
                                                                                          
                                                                                          
                                                                                          
                                                                                          
                                                                                          
                                                                                          
                                                                                          
                                                                                          
                                                                                          
                                                                                          
                                                                                          
                                                                                          
                                                                                          
Lochenih swung and hit for 8 points of damage.
 Machines health is now 92.
Machine has missed.
Lochenih swung and hit for 10 points of damage.
 Machines health is now 82.
Machine has missed.
Lochenih swung and hit for 36 points of damage.
 Machines health is now 46.
Machine has missed.
Lochenih swung and hit for 26 points of damage.
 Machines health is now 20.
Machine has missed.
Lochenih swung and hit for 10 points of damage.
 Machines health is now 10.
Machine has missed.
Lochenih swung and hit for 6 points of damage.
 Machines health is now 4.
Machine has missed.
Lochenih has missed.
Machine has missed.
Lochenih swung and hit for 32 points of damage.
 Machine has died.

Lochenih won round 1 using a Longsword.
Lochenih won round 2 using a Mace.
Lochenih won round 3 using a Rapier.

Lochenih was ..
                                                                                          
                                                                                          
                                                                                          
                                                                                          
                                                                                          
                                                                                          
                                                                                          
                                                                                          
                                                                                          
                                                                                          
                                                                                          
                                                                                          
                                                                                          
                             ▀▀▀▀  ▀ ▀▀  ▀    ▀    ▀ ▀▀ ▀▀                                
                             ▀▀▀▀▀▀▀▀▀▀▀▀▀▀  ▀▀▀   ▀▀▀▀▀▀▀▀▀▀                             
                               ▀  ▀ ▀▀▀ ▀ ▀▀▀▀ ▀▀▀▀   ▀▀▀▀▀▀▀                             
                            ▀▀▀▀▀▀▀▀▀▀▀▀▀▀▀▀▀▀▀▀▀▀▀▀▀▀▀▀▀▀▀                               
                                   ▀▀▀▀  ▀▀▀▀▀▀▀▀  ▀▀                                     
                                    ▀▀▀▀▀▀▀▀▀▀ ▀▀▀▀▀▀▀▀                                   
                                    ▀▀▀    ▀▀ ▀   ▀▀  ▀                                   
                                   ▀▀▀▀▀▀▀▀▀▀▀▀▀▀▀▀▀▀▀▀                                   
                                         ▀▀▀▀▀▀▀                                          
                                      ▀▀▀▀▀▀▀▀▀▀▀▀▀                                       
                                    ▀▀ ▀  ▀▀▀▀▀▀▀▀▀▀                                      
                                      ▀  ▀ ▀▀▀    ▀ ▀                                     
                                     ▀▀ ▀  ▀▀▀   ▀ ▀                                      
                                       ▀ ▀  ▀▀ ▀▀▀▀▀▀                                     
                                    ▀▀▀▀▀  ▀▀▀ ▀▀▀▀▀▀                                     
                                      ▀▀▀▀▀ ▀▀▀▀▀▀▀                                       
                                          ▀▀▀▀▀▀                                          
                                   ▀▀▀▀▀▀▀▀▀▀▀▀▀▀▀▀▀▀▀                                    
                                    ▀▀   ▀ ▀▀ ▀▀▀  ▀▀▀                                    
                                   ▀▀▀▀▀▀▀▀▀▀▀▀ ▀▀▀▀▀▀                                    
                                                                                          
                                                                                          
                                                                                          
                                                                                          
                                                                                          
                                                                                          
                                                                                          
                                                                                          
                                                                                          
                                                                                          
                                                                                          
                                                                                          
                                                                                          
                                                                                          
                                                                                          
                                                                                          
and won the game.
